4a000000 T _start
4a000020 t _undefined_instruction
4a000024 t _software_interrupt
4a000028 t _prefetch_abort
4a00002c t _data_abort
4a000030 t _not_used
4a000034 t _irq
4a000038 t _fiq
4a00003c t _pad
4a000040 T _TEXT_BASE
4a000040 T _end_vect
4a000044 T _bss_start_ofs
4a000048 T _image_copy_end_ofs
4a00004c T _bss_end_ofs
4a000050 T _end_ofs
4a000054 T IRQ_STACK_START_IN
4a000058 t reset
4a000070 t call_board_init_f
4a000080 T relocate_code
4a00008c t stack_setup
4a0000ac t copy_loop
4a0000dc t fixloop
4a000100 t fixabs
4a000114 t fixrel
4a00011c t fixnext
4a000130 t _rel_dyn_start_ofs
4a000134 t _rel_dyn_end_ofs
4a000138 t _dynsym_start_ofs
4a00013c t clear_bss
4a000154 t clbss_l
4a000164 t jump_2_ram
4a00018c t _board_init_r_ofs
4a000190 t cpu_init_crit
4a0001e0 t undefined_instruction
4a000240 t software_interrupt
4a0002a0 t prefetch_abort
4a000300 t data_abort
4a000360 t not_used
4a0003c0 t irq
4a000420 t fiq
4a000480 t v7_maint_dcache_all
4a000580 t v7_dcache_maint_range
4a000648 T invalidate_dcache_all
4a00065c T flush_dcache_all
4a000670 T invalidate_dcache_range
4a000694 T flush_dcache_range
4a0006b8 T arm_init_before_mmu
4a0006e0 T flush_cache
4a0006e8 T invalidate_icache_all
4a000700 T __v7_outer_cache_enable
4a000700 W v7_outer_cache_enable
4a000704 T __v7_outer_cache_disable
4a000704 W v7_outer_cache_disable
4a000708 T __v7_outer_cache_flush_all
4a000708 W v7_outer_cache_flush_all
4a00070c T __v7_outer_cache_inval_all
4a00070c W v7_outer_cache_inval_all
4a000710 T __v7_outer_cache_flush_range
4a000710 W v7_outer_cache_flush_range
4a000714 T __v7_outer_cache_inval_range
4a000714 W v7_outer_cache_inval_range
4a000718 T save_boot_params_default
4a000718 W save_boot_params
4a00071c T cleanup_before_linux
4a00073c T sdelay
4a000748 T sr32
4a00076c T wait_on_value
4a0007a0 T timer_init
4a0007c0 T get_timer_masked
4a00081c T get_timer
4a000830 T __udelay
4a00088c T get_ticks
4a00089c T get_tbclk
4a0008a4 T tick_printf
4a0008a8 T stick_printf
4a0008ec T print_boot_type
4a000968 T print_cpuinfo
4a000980 T watchdog_init
4a000994 T clock_init
4a00099c T gpio_init
4a0009a0 T sdram_init
4a0009a8 T get_base
4a0009b4 T is_running_in_sdram
4a0009cc T s_init
4a0009e0 T reset_cpu
4a0009fc T enable_caches
4a000a00 T sunxi_key_init
4a000a8c T sunxi_read_key
4a000aac T sunxi_check_recovery
4a000b24 T sunxi_check_fastboot
4a000b9c T sunxi_key_hexdump
4a000c18 T do_key_test
4a000c50 t fastboot_bulk_endpoint_reset
4a000d34 t ReadDataStatusComplete
4a000d7c t WriteDataStatusComplete.constprop.4
4a000dd4 t fastboot_resume
4a0016d0 T fastboot_shutdown
4a001724 T fastboot_is_highspeed
4a001740 T fastboot_fifo_size
4a00175c T fastboot_poll
4a001ac4 T fastboot_tx_status
4a001bcc T fastboot_tx
4a001bd0 T fastboot_getvar
4a001bd8 T fastboot_preboot
4a001be0 T close_usb_clock
4a001c04 T fastboot_init
4a001e10 T _unsparse
4a001fe8 T do_unsparse
4a002040 t calc_crc32.constprop.0
4a0020d8 T sunxi_partition_get_total_num
4a002100 T sunxi_partition_get_name
4a002128 T sunxi_partition_get_offset
4a002190 T sunxi_partition_get_size
4a0021f8 T sunxi_partition_get_offset_byname
4a002294 T sunxi_partition_get_size_byname
4a002330 T sunxi_partition_get_info_byname
4a0023f4 T sunxi_partition_init
4a0025c4 t null_irq_hdle
4a0025c8 T irq_request
4a0025e0 T irq_free
4a002600 T irq_enable
4a002644 T irq_disable
4a002688 T gic_sgi_handler
4a00268c T gic_ppi_handler
4a002690 T gic_spi_handler
4a0026b8 T gic_clear_pending
4a0026dc T gic_irq_handler
4a002720 T init_gic
4a002880 t _test_str_length
4a0028b0 t sw_cfg_get_subkey
4a002940 T sw_cfg_get_int
4a002970 T sw_cfg_get_str
4a0029c0 T script_parser_init_early
4a0029e0 T script_parser_init
4a002a0c T script_parser_exit
4a002a24 T script_parser_fetch
4a002c4c T script_parser_patch
4a002e90 T script_parser_fetch_ex
4a0030e4 T script_parser_subkey_count
4a003190 T script_parser_mainkey_count
4a0031ac T script_parser_mainkey_get_gpio_count
4a003294 T script_parser_mainkey_get_gpio_cfg
4a003400 T sw_gpio_init
4a003408 T gpio_exit
4a003410 T gpio_request
4a003880 T gpio_request_ex
4a003920 T gpio_release
4a003b18 T gpio_get_all_pin_status
4a003db0 T gpio_get_one_pin_status
4a003f18 T gpio_set_one_pin_status
4a0040bc T gpio_set_one_pin_io_status
4a004184 T gpio_set_one_pin_pull
4a00424c T gpio_set_one_pin_driver_level
4a004314 T gpio_read_one_pin_value
4a0043dc T gpio_write_one_pin_value
4a0044bc T USBC_GetVbusStatus
4a0044f0 T USBC_OTG_SelectMode
4a0044f4 T USBC_ReadLenFromFifo
4a004520 T USBC_WritePacket
4a00458c T USBC_ReadPacket
4a0045f8 T USBC_ConfigFIFO_Base
4a004630 T USBC_GetPortFifoStartAddr
4a004660 T USBC_GetPortFifoSize
4a004684 T USBC_SelectFIFO
4a004694 T __USBC_ConfigFifo_TxEp
4a0046e8 T __USBC_ConfigFifo_RxEp_Default
4a0046f8 T __USBC_ConfigFifo_RxEp
4a00474c T USBC_ConfigFifo_Default
4a004784 T USBC_ConfigFifo
4a0047c0 T USBC_GetLastFrameNumber
4a0047d0 T USBC_GetStatus_Dp
4a0047e8 T USBC_GetStatus_Dm
4a004800 T USBC_GetStatus_DpDm
4a004824 T USBC_GetOtgMode_Form_ID
4a00484c T USBC_GetOtgMode_Form_BDevice
4a004864 T USBC_SelectBus
4a0048ac T USBC_INT_EpPending
4a0048e8 T USBC_INT_ClearEpPending
4a00493c T USBC_INT_ClearEpPendingAll
4a004974 T USBC_INT_MiscPending
4a004988 T USBC_INT_ClearMiscPending
4a00499c T USBC_INT_ClearMiscPendingAll
4a0049b0 T USBC_INT_EnableEp
4a004a0c T USBC_INT_EnableUsbMiscUint
4a004a28 T USBC_INT_DisableEp
4a004a74 T USBC_INT_DisableUsbMiscUint
4a004a8c T USBC_INT_DisableEpAll
4a004abc T USBC_INT_DisableUsbMiscAll
4a004ad0 T USBC_GetActiveEp
4a004ae4 T USBC_SelectActiveEp
4a004af4 T USBC_EnhanceSignal
4a004af8 T USBC_EnterMode_TestPacket
4a004b10 T USBC_EnterMode_Test_K
4a004b28 T USBC_EnterMode_Test_J
4a004b40 T USBC_EnterMode_Test_SE0_NAK
4a004b58 T USBC_EnterMode_Idle
4a004ba4 T USBC_SetWakeUp_Default
4a004ba8 T USBC_EnableIdPullUp
4a004bc0 T USBC_DisableIdPullUp
4a004bd8 T USBC_EnableDpDmPullUp
4a004bf0 T USBC_DisableDpDmPullUp
4a004c08 T USBC_ForceId
4a004c40 T USBC_ForceVbusValid
4a004c88 T USBC_A_valid_InputSelect
4a004c8c T USBC_EnableUsbLineStateBypass
4a004c90 T USBC_DisableUsbLineStateBypass
4a004c94 T USBC_EnableHosc
4a004cac T USBC_DisableHosc
4a004cc0 T USBC_IsVbusChange
4a004cdc T USBC_IsIdChange
4a004cf8 T USBC_IsDpDmChange
4a004d14 T USBC_DisableWakeIrq
4a004d28 T USBC_DisableVbusChange
4a004d3c T USBC_DisableIdChange
4a004d50 T USBC_DisableDpDmChange
4a004d64 T USBC_EnableWakeIrq
4a004d7c T USBC_EnableVbusChange
4a004d94 T USBC_EnableIdChange
4a004dac T USBC_EnableDpDmChange
4a004dc4 T USBC_TestMode_ReadReg
4a004e04 T USBC_PrintAllReg
4a005160 T USBC_open_otg
4a0051a4 T USBC_close_otg
4a0051cc T USBC_init
4a005208 T USBC_exit
4a00524c T USBC_Dev_SetAddress_default
4a005260 T USBC_Dev_SetAddress
4a005270 T USBC_Dev_QueryTransferMode
4a005290 T USBC_Dev_ConfigTransferMode
4a005300 T USBC_Dev_ConectSwitch
4a005324 T USBC_Dev_QueryPowerStatus
4a005338 T USBC_Dev_ConfigEp
4a005444 T USBC_Dev_ConfigEp_Default
4a0054ac T USBC_Dev_ConfigEpDma
4a005504 T USBC_Dev_ClearEpDma
4a005564 T USBC_Dev_IsEpStall
4a0055ac T USBC_Dev_EpSendStall
4a005614 T USBC_Dev_EpClearStall
4a0056bc T USBC_Dev_Ctrl_IsSetupEnd
4a0056d0 T USBC_Dev_Ctrl_ClearSetupEnd
4a0056e8 T USBC_Dev_WriteDataStatus
4a00576c T USBC_Dev_ReadDataStatus
4a0057f0 T USBC_Dev_IsReadDataReady
4a005830 T USBC_Dev_IsWriteDataReady
4a00586c T USBC_Host_SetFunctionAddress_Deafult
4a0058c8 T USBC_Host_SetFunctionAddress
4a005950 T USBC_Host_SetHubAddress_Deafult
4a005980 T USBC_Host_SetHubAddress
4a0059c8 T USBC_Host_SetHPortAddress_Deafult
4a0059f8 T USBC_Host_SetHPortAddress
4a005a20 T USBC_Host_QueryTransferMode
4a005a40 T USBC_Host_ConfigTransferMode
4a005a74 T USBC_Host_ResetPort
4a005a8c T USBC_Host_ClearResetPortFlag
4a005aa4 T USBC_Host_RusumePort
4a005abc T USBC_Host_ClearRusumePortFlag
4a005ad4 T USBC_Host_SuspendPort
4a005aec T USBC_Host_QueryPowerStatus
4a005b00 T USBC_Host_StartSession
4a005b18 T USBC_Host_EndSession
4a005b30 T USBC_Host_PeripheralType
4a005b50 T USBC_Host_FlushFifo
4a005b98 T USBC_Host_ConfigEp_Default
4a005c1c T USBC_Host_ConfigEp
4a005d7c T USBC_Host_ConfigEpDma
4a005dc0 T USBC_Host_ClearEpDma
4a005e10 T USBC_Host_IsEpNakTimeOut
4a005e54 T USBC_Host_ClearEpNakTimeOut
4a005eac T USBC_Host_IsEpError
4a005f00 T USBC_Host_ClearEpError
4a005f68 T USBC_Host_IsEpStall
4a005fb4 T USBC_Host_ClearEpStall
4a006020 T USBC_Host_ClearEpCSR
4a00605c T USBC_Host_IsReadDataReady
4a00609c T USBC_Host_IsWriteDataReady
4a0060e4 T USBC_Host_ReadDataStatus
4a006184 T USBC_Host_WriteDataStatus
4a006208 T USBC_Host_IsReqPktSet
4a006248 T USBC_Host_StartInToken
4a00628c T USBC_Host_StopInToken
4a0062dc T USBC_Host_ConfigRqPktCount
4a0062f4 T USBC_Host_ClearRqPktCount
4a006308 T USBC_Host_EnablePing
4a006328 T USBC_Host_DisablePing
4a006340 T USBC_Host_SendCtrlStatus
4a006364 T USBC_Host_SendSetupPkt
4a00637c t usb_phy0_write.constprop.0
4a0063b0 T USBC_PHY_SetCommonConfig
4a0063b4 T USBC_PHY_SetPrivateConfig
4a0063b8 T USBC_PHY_GetCommonConfig
4a0063c0 T USBC_phy_Standby
4a006414 T USBC_Phy_Standby_Recover
4a006418 t _TEXT_BASE
4a00641c T lowlevel_init
4a006438 t SRAM_STACK
4a00643c T sunxi_pre_clean
4a00643c T sunxi_reset
4a00644c t _loop_forever
4a006454 t display_banner
4a006474 t init_baudrate
4a0064c4 T __coloured_LED_init
4a0064c4 W coloured_LED_init
4a0064c8 T __red_LED_on
4a0064c8 W red_LED_on
4a0064cc T __red_LED_off
4a0064cc W red_LED_off
4a0064d0 T __green_LED_on
4a0064d0 W green_LED_on
4a0064d4 T __green_LED_off
4a0064d4 W green_LED_off
4a0064d8 T __yellow_LED_on
4a0064d8 W yellow_LED_on
4a0064dc T __yellow_LED_off
4a0064dc W yellow_LED_off
4a0064e0 T __blue_LED_on
4a0064e0 W blue_LED_on
4a0064e4 T __blue_LED_off
4a0064e4 W blue_LED_off
4a0064e8 T __dram_init_banksize
4a006504 T board_init_r
4a006768 T hang
4a00677c T board_init_f
4a0068a8 t setup_start_tag
4a0068e0 t setup_memory_tags
4a006918 t setup_initrd_tag.isra.0
4a006950 t setup_commandline_tag.isra.2
4a0069c4 T arch_lmb_reserve
4a0069e8 T do_bootm_linux
4a006ad4 T do_boota_linux
4a006bb8 T __flush_cache
4a006bbc T __flush_dcache_all
4a006bc8 T __enable_caches
4a006bd4 t cp_delay
4a006c04 t cache_enable
4a006cc0 t cache_disable
4a006cf8 T __arm_init_before_mmu
4a006cfc T icache_enable
4a006d04 T icache_disable
4a006d0c T icache_status
4a006d20 T dcache_enable
4a006d28 T dcache_disable
4a006d30 T dcache_status
4a006d44 T interrupt_init
4a006d60 T enable_interrupts
4a006d64 T disable_interrupts
4a006d6c T bad_mode
4a006d7c T show_regs
4a006ebc T do_undefined_instruction
4a006edc T do_software_interrupt
4a006efc T do_prefetch_abort
4a006f1c T do_data_abort
4a006f3c T do_not_used
4a006f5c T do_fiq
4a006f7c T do_irq
4a006f9c T do_reset
4a006fcc W do_go_exec
4a006fe4 T do_go
4a007054 T do_boota
4a007180 t __fswab32
4a00719c T do_bootd
4a0071c0 t do_bootm_rtems
4a0071fc t do_bootm_netbsd
4a00733c t image_get_size
4a007344 t bootm_load_os.isra.9
4a0074a0 t bootm_start.isra.8
4a007824 T __arch_preboot_os
4a007824 W arch_preboot_os
4a007828 T do_bootm_subcommand
4a007a6c T do_bootm
4a007d00 T bootm_maybe_autostart
4a007d74 T do_exit
4a007da4 t reset_handler
4a007dd4 t memparse
4a007e3c t set_env
4a007e70 t save_env
4a007fe4 t parse_env.constprop.1
4a00821c T fastboot_flash_add_ptn
4a008258 T fastboot_flash_dump_ptn
4a0082a8 T fastboot_flash_find_ptn
4a00832c t rx_handler
4a008ed8 T fastboot_flash_get_ptn
4a008efc T do_fastboot
4a0094e4 T fastboot_flash_get_ptn_count
4a0094f4 T do_fat_fsinfo
4a0095cc T do_fat_ls
4a0096d4 T do_fat_fsdown
4a009844 T do_fat_fsload
4a0099c4 T do_help
4a009a08 T do_mem_base
4a009a48 T do_mem_mtest
4a009be8 T do_mem_loop
4a009cdc T do_mem_md
4a009db4 T do_mem_crc
4a009e5c T do_mem_cp
4a009f3c T do_mem_cmp
4a00a0c8 T do_mem_mw
4a00a184 t mod_mem.part.4
4a00a2c0 T do_mem_nm
4a00a2d8 T do_mem_mm
4a00a2f0 T do_mmcops
4a00a720 T do_mmcinfo
4a00a8b0 t nand_print_info
4a00a90c T do_nandboot
4a00ac0c t arg_off_size
4a00ae64 T do_nand
4a00b7f4 t do_env
4a00b854 t do_env_delete
4a00b86c t do_env_import
4a00babc t do_env_default
4a00bb04 T do_env_save
4a00bb30 t env_print
4a00bbc8 T do_env_print
4a00bc4c T get_env_id
4a00bc5c T _do_env_set
4a00c00c T do_env_set
4a00c028 T setenv
4a00c074 t do_env_export
4a00c290 T envmatch
4a00c2f4 T getenv_f
4a00c3b0 T getenv
4a00c41c T do_sunxi_flash
4a00c544 T do_false
4a00c54c T do_true
4a00c554 T do_test
4a00c9c0 T do_version
4a00c9f8 T find_cmd_tbl
4a00ca94 T find_cmd
4a00cabc T cmd_usage
4a00cb18 T _do_help
4a00cc9c T var_complete
4a00cd24 T cmd_auto_complete
4a00d1a0 T cmd_get_data_size
4a00d1f0 t console_setfile
4a00d294 T serial_printf
4a00d2d4 T fgetc
4a00d300 T ftstc
4a00d32c T fputc
4a00d354 T fputs
4a00d37c T fprintf
4a00d3c4 T getc
4a00d3dc T tstc
4a00d3f4 T putc
4a00d410 T puts
4a00d42c T printf
4a00d46c T vprintf
4a00d4a0 T ctrlc
4a00d4ec T disable_ctrlc
4a00d504 T had_ctrlc
4a00d514 T clear_ctrlc
4a00d528 T dbg
4a00d534 T search_device
4a00d55c T console_assign
4a00d59c T console_init_f
4a00d5ac T stdio_print_current_devices
4a00d660 T console_init_r
4a00d748 T sbrk
4a00d7a4 T mem_malloc_init
4a00d7c8 T malloc_trim
4a00d898 T free
4a00dabc T cfree
4a00dac0 T malloc
4a00e090 T calloc
4a00e164 T memalign
4a00e274 T pvalloc
4a00e28c T valloc
4a00e298 T realloc
4a00e6a0 T malloc_usable_size
4a00e6dc T mallopt
4a00e750 T env_get_addr
4a00e774 T env_get_char_memory
4a00e784 T env_get_char
4a00e7b8 T set_default_env
4a00e85c T env_import
4a00e92c T env_relocate
4a00e95c T env_complete
4a00ea40 t flash_env_relocate_spec
4a00eac8 t flash_saveenv
4a00eb94 T env_get_char_spec
4a00eba0 T env_init
4a00ebbc T saveenv
4a00ebcc T env_relocate_spec
4a00ebd0 t dummy
4a00ebd4 T get_version
4a00ebdc T jumptable_init
4a00ed6c t b_reset
4a00ed88 t static_get
4a00eda4 t static_peek
4a00edb0 t file_peek
4a00edbc t syntax_err
4a00edc8 T do_showvar
4a00eeb8 t free_pipe_list
4a00ef98 t b_addchr
4a00f010 t b_addqchr
4a00f05c t is_assignment.part.0
4a00f08c t xmalloc
4a00f0ac t file_get
4a00f264 t xrealloc
4a00f284 t done_command
4a00f30c T simple_itoa
4a00f364 T get_local_var
4a00f3f4 t insert_var_value
4a00f528 T set_local_var
4a00f6e4 T unset_local_var
4a00f784 T new_pipe
4a00f7ac t done_pipe
4a00f7f4 T reserved_word
4a00f94c t done_word
4a00fab8 T mapset
4a00fadc T update_ifs_map
4a00fb4c T parse_string_outer
4a00fc3c t run_list_real
4a010458 t parse_stream_outer
4a010a38 T parse_file_outer
4a010a7c T u_boot_hush_start
4a010ad0 t __fswab32
4a010aec t image_check_magic
4a010b10 t image_get_data_size
4a010b18 T image_check_hcrc
4a010b68 T image_check_dcrc
4a010ba4 T image_multi_count
4a010bc8 T image_multi_getimg
4a010c4c T getenv_yesno
4a010c74 T getenv_bootm_low
4a010ca4 T getenv_bootm_size
4a010d00 T getenv_bootm_mapsize
4a010d30 T memmove_wd
4a010d3c T genimg_print_size
4a010d6c T get_table_entry_name
4a010d98 T genimg_get_os_name
4a010db0 T genimg_get_arch_name
4a010dc8 T genimg_get_type_name
4a010de0 T genimg_get_comp_name
4a010df8 T image_print_contents
4a010f70 T get_table_entry_id
4a010fbc T genimg_get_os_id
4a010fd4 T genimg_get_arch_id
4a010fec T genimg_get_type_id
4a011004 T genimg_get_comp_id
4a01101c T genimg_get_format
4a011030 T genimg_get_image
4a011034 T genimg_has_config
4a01103c T boot_get_ramdisk
4a01126c T boot_ramdisk_high
4a01138c T boot_get_cmdline
4a01140c t delete_char.part.0
4a0114e0 t cread_add_char
4a0115cc T __show_boot_progress
4a0115cc W show_boot_progress
4a0115d0 T main_loop
4a0116d8 T readline_into_buffer
4a012000 T readline
4a01201c T parse_line
4a0120a8 T run_command
4a012454 T do_run
4a0124c8 T get_ram_size
4a0125d0 t hex1_bin
4a012608 t hex2_bin
4a01263c T srec_decode
4a0128a4 T stdio_get_list
4a0128b0 T stdio_get_by_name
4a012904 T stdio_clone
4a01294c T stdio_register
4a012990 T stdio_init
4a012a18 T CYGACC_COMM_IF_GETC_TIMEOUT
4a012a64 t xyzModem_flush
4a012a8c t xyzModem_get_hdr
4a012d00 T CYGACC_COMM_IF_PUTC
4a012d08 T parse_num
4a012e24 T xyzModem_stream_open
4a012f70 T xyzModem_stream_read
4a0131c0 T xyzModem_stream_close
4a013210 T xyzModem_stream_terminate
4a0132a4 T xyzModem_error
4a0132c4 T get_dev
4a013324 T dev_print
4a01353c T init_part
4a013558 T get_partition_info
4a013580 T print_part
4a013668 t le32_to_int
4a01368c t is_extended
4a0136b0 t get_partition_info_extended
4a0138e8 t print_partition_extended
4a013aec T test_part_dos
4a013b54 T print_part_dos
4a013b80 T get_partition_info_dos
4a013b9c T DMA_Request
4a013c24 T DMA_Release
4a013c48 T DMA_Setting
4a013d5c T DMA_Start
4a013d80 T DMA_Stop
4a013d98 T DMA_Restart
4a013db0 T DMA_QueryStatus
4a013dc0 T DMA_QueryChannalNo
4a013dc8 t __fswab32
4a013de4 T __board_mmc_getcd
4a013de4 W board_mmc_getcd
4a013dec T mmc_send_cmd
4a013dfc T mmc_send_status
4a013ec0 T mmc_set_blocklen
4a013ef8 T find_mmc_device
4a013f3c t mmc_berase
4a0140b0 t mmc_bwrite
4a014248 T mmc_read_blocks
4a014328 t mmc_bread
4a0143cc T mmc_go_idle
4a014420 T sd_send_op_cond
4a01457c T mmc_send_op_cond
4a0146e4 T mmc_send_ext_csd
4a014738 T mmc_switch
4a014794 T mmc_change_freq
4a014844 T mmc_switch_part
4a014880 T sd_switch
4a0148f0 T sd_change_freq
4a014acc T mmc_set_ios
4a014adc T mmc_set_clock
4a014af8 T mmc_set_bus_width
4a014b0c T mmc_startup
4a015124 T mmc_send_if_cond
4a0151a4 T mmc_register
4a01522c T mmc_get_dev
4a015240 T mmc_init
4a015304 W cpu_mmc_init
4a015304 t __def_mmc_init
4a01530c T print_mmc_devices
4a015370 T get_mmc_num
4a015380 T mmc_initialize
4a0153cc t mmc_update_clk
4a01542c t mmc_core_init
4a015444 t mmc_send_cmd
4a015984 T ccm_get_pll5_dev_clk
4a0159d0 T ccm_get_pll6_dev_clk
4a015a08 T smc_set_card_clk
4a015b0c t mmc_set_ios
4a015ba8 T sunxi_mmc_init
4a015db0 T nand_init
4a015e5c t nand_release_device
4a015e74 t nand_read_byte
4a015e88 t nand_read_byte16
4a015e9c t nand_read_word
4a015eac t nand_write_buf
4a015ed8 t nand_read_buf
4a015f04 t nand_verify_buf
4a015f48 t nand_write_buf16
4a015f78 t nand_read_buf16
4a015fa4 t nand_verify_buf16
4a015fe8 t nand_block_bad
4a0160d8 t nand_check_wp
4a016114 t nand_read_page_raw
4a01614c t nand_read_page_raw_syndrome
4a016220 t nand_read_page_swecc
4a016334 t nand_read_subpage
4a0165ac t nand_read_page_hwecc
4a0166e4 t nand_read_page_hwecc_oob_first
4a016818 t nand_read_page_syndrome
4a016940 t nand_read_oob_std
4a016988 t nand_read_oob_syndrome
4a016a90 t nand_write_oob_std
4a016b00 t nand_write_oob_syndrome
4a016cb4 t nand_write_page_raw
4a016ce8 t nand_write_page_raw_syndrome
4a016db8 t nand_write_page_swecc
4a016e68 t nand_write_page_hwecc
4a016f28 t nand_write_page_syndrome
4a01701c t single_erase_cmd
4a017058 t multi_erase_cmd
4a0170e0 t nand_sync
4a0170f0 t nand_block_checkbad
4a017170 t nand_block_isbad
4a0171a0 t nand_block_markbad
4a0171dc t nand_write_page
4a017284 t nand_fill_oob
4a01738c t nand_do_write_oob
4a01753c t nand_do_write_ops
4a01780c t nand_write_oob
4a0178b0 t nand_write
4a017934 t nand_default_block_markbad
4a017a20 t nand_wait
4a017af4 t generic_ffs.part.0
4a017b38 t nand_select_chip
4a017b90 t nand_transfer_oob
4a017c98 T nand_wait_ready
4a017ce4 t nand_do_read_ops
4a0180e8 t nand_read_oob
4a018394 t nand_read
4a018418 t nand_command
4a0185e8 t nand_command_lp
4a018848 T nand_erase_nand
4a018c30 t nand_erase
4a018c38 T nand_scan_ident
4a019240 T nand_scan_tail
4a0197c8 T nand_scan
4a0197ec T nand_release
4a019814 t check_pattern
4a0198c8 t scan_read_raw
4a019910 t create_bbt
4a019be8 t search_bbt
4a019e1c t read_bbt
4a01a050 t read_abs_bbt
4a01a144 t write_bbt
4a01a794 T nand_update_bbt
4a01a8d0 t mark_bbt_region
4a01aa5c T nand_scan_bbt
4a01af1c T nand_default_bbt
4a01afd0 T nand_isbad_bbt
4a01b024 T nand_calculate_ecc
4a01b114 T nand_correct_data
4a01b238 t nand_block_bad_scrub
4a01b240 t check_skip_len
4a01b2d0 T nand_erase_opts
4a01b630 T nand_write_skip_bad
4a01b814 T nand_read_skip_bad
4a01ba14 T board_nand_init
4a01ba24 T sunxi_nand_read_opts
4a01ba78 T sunxi_nand_write_opts
4a01bacc T sunxi_nand_erase_opts
4a01bad4 T sunxi_nand_flush_opts
4a01bae4 T NS16550_init
4a01bb30 T NS16550_reinit
4a01bb80 T NS16550_putc
4a01bb94 T NS16550_getc
4a01bbac T NS16550_tstc
4a01bbb8 t calc_divisor.isra.0
4a01bbdc T serial_init
4a01bc4c T _serial_putc
4a01bc84 T _serial_putc_raw
4a01bca0 T _serial_puts
4a01bcc8 T _serial_getc
4a01bce4 T _serial_tstc
4a01bcf8 T _serial_setbrg
4a01bd20 T serial_putc
4a01bd34 T serial_putc_raw
4a01bd48 T serial_puts
4a01bd5c T serial_getc
4a01bd70 T serial_tstc
4a01bd84 T serial_setbrg
4a01bd98 t sunxi_flash_null_read
4a01bda0 t sunxi_flash_null_write
4a01bda8 t sunxi_flash_null_get_size
4a01bdb4 t sunxi_flash_null_exit
4a01bdbc t sunxi_flash_mmc_read
4a01be00 t sunxi_flash_mmc_write
4a01be44 t sunxi_flash_mmc_get_size
4a01be5c t sunxi_flash_mmc_exit
4a01be64 t sunxi_flash_nand_exit
4a01be68 t sunxi_flash_nand_get_size
4a01be78 t sunxi_flash_nand_write
4a01beb0 t sunxi_flash_nand_read
4a01bee8 T sunxi_flash_handle_init
4a01bffc t dirdelim
4a01c030 T downcase
4a01c054 T disk_read
4a01c0a8 T fat_register_device
4a01c1b8 T get_name
4a01c27c T get_fatent
4a01c3cc T get_cluster
4a01c468 T get_contents
4a01c5ec T slot2str
4a01c6b8 T get_vfatname
4a01c87c T mkcksum
4a01c8ac T read_bootsectandvi
4a01c99c T do_fat_read
4a01d26c T file_fat_detectfs
4a01d3c4 T file_fat_ls
4a01d3d4 T file_fat_read
4a01d40c t set_name
4a01d538 t disk_write
4a01d5c4 t flush_fat_buffer
4a01d60c t get_fatent_value
4a01d778 t set_fatent_value
4a01d870 t set_cluster
4a01d904 t set_contents
4a01dac8 t flush_dir_table.constprop.5
4a01dbac t do_fat_write
4a01e5ec T file_fat_write
4a01e620 T file_getfsname
4a01e638 T file_cd
4a01e830 T file_detectfs
4a01e86c T file_ls
4a01e8f0 T file_read
4a01e984 T crc7
4a01e9b4 T cyg_crc16
4a01e9fc T crc32_no_comp
4a01eadc T crc32
4a01eaf0 T crc32_wd
4a01eaf4 T display_options
4a01eb14 T print_size
4a01ec58 T print_buffer
4a01edc4 T zfree
4a01edcc T zalloc
4a01eddc T zunzip
4a01eee4 T gunzip
4a01ef90 t cmpkey
4a01efa4 T hcreate_r
4a01f050 T hdestroy_r
4a01f0c4 T hstrstr_r
4a01f170 T hmatch_r
4a01f210 T hsearch_r
4a01f500 T hdelete_r
4a01f588 T hexport_r
4a01f7a4 T himport_r
4a01f9e4 t lmb_add_region
4a01fbac T lmb_dump_all
4a01fbb0 T lmb_init
4a01fbd8 T lmb_add
4a01fbdc T lmb_free
4a01fd00 T lmb_reserve
4a01fd08 T lmb_overlaps_region
4a01fd64 T __lmb_alloc_base
4a01fe94 T lmb_alloc_base
4a01fec8 T lmb_alloc
4a01fed0 T lmb_is_reserved
4a01ff30 T __board_lmb_reserve
4a01ff30 W board_lmb_reserve
4a01ff34 T __arch_lmb_reserve
4a01ff38 T ldiv
4a01ff88 T string_to_ip
4a01fff8 T qsort
4a0200c8 T strcmp_compar
4a0200d4 T strmhz
4a020140 T __div64_32
4a02022c T strcpy
4a020244 T strncpy
4a020268 T strcat
4a020294 T strncat
4a0202e8 T strcmp
4a020310 T strncmp
4a020354 T strchr
4a020388 T strlen
4a0203a8 T strrchr
4a0203e4 T strnlen
4a020410 T strdup
4a020444 T strspn
4a020484 T strpbrk
4a0204c0 T strtok
4a020538 T strsep
4a02056c T strswab
4a0205b8 T memset
4a020628 T bcopy
4a020650 T memcpy
4a0206bc T memmove
4a020728 T memcmp
4a02075c T memscan
4a020788 T strstr
4a0207e8 T memchr
4a020818 T udelay
4a020848 t string
4a0208e4 t put_dec
4a020b14 t number
4a020d84 T simple_strtoul
4a020e30 T strict_strtoul
4a020ea8 T simple_strtol
4a020ed0 T ustrtoul
4a020f44 T simple_strtoull
4a021044 T vsprintf
4a021494 T sprintf
4a0214b8 T panic
4a0214fc T __assert_fail
4a021510 T zcfree
4a021518 T zcalloc
4a021520 T inflate_fast
4a021acc T inflate_table
4a0220a0 T inflateReset
4a022120 T inflateInit2_
4a022228 T inflateInit_
4a02223c T inflateEnd
4a0222a8 T adler32
4a0225a0 T inflate
4a023c1c T nand_write_uboot
4a023c50 T nand_read_uboot
4a023c84 T nand_get_dev
4a023ca4 T nand_erase_uboot
4a023e38 T nand_init_uboot
4a023e98 T NAND_PhyRead
4a023e9c T NAND_PhyRead_Seq
4a023ea0 T NAND_PhyRead_1K
4a023ea4 T NAND_PhyWrite
4a023ea8 T NAND_PhyWrite_1K
4a023eac T NAND_PhyWrite_Seq
4a023eb0 T NAND_PhyErase
4a023eb4 T NAND_PhyInit
4a023f64 T NAND_PhyExit
4a023f74 T NAND_LogicWrite
4a023f78 T NAND_LogicRead
4a023f7c T NAND_Init
4a024028 T NAND_Exit
4a02404c T NAND_HWScanStart
4a0240bc T NAND_HWScanStop
4a0240d8 T NAND_VersionGet
4a024100 T NAND_VersionCheck
4a02426c T NAND_EraseBootBlocks
4a0242d0 T NAND_EraseChip
4a0246dc T NAND_BadBlockScan
4a024a80 T NAND_RequestDMA
4a024a9c T NAND_ReleaseDMA
4a024abc T NAND_DMAConfigStart
4a024bc0 T NAND_QueryDmaStat
4a024bd0 T NAND_WaitDmaFinish
4a024bd8 T NAND_ClkRequest
4a024be0 T NAND_ClkRelease
4a024be4 T NAND_AHBEnable
4a024c00 T NAND_AHBDisable
4a024c18 T NAND_ClkEnable
4a024c34 T NAND_ClkDisable
4a024c4c T _GetCmuClk
4a024c80 T NAND_SetClk
4a024cf0 T NAND_GetClk
4a024d18 T NAND_PIORequest
4a024d44 T NAND_PIORelease
4a024d48 T NAND_Malloc
4a024d4c T NAND_Free
4a024d50 T OSAL_IrqUnLock
4a024d54 T OSAL_IrqLock
4a024d58 T NAND_WaitRbReady
4a024d60 T NAND_IORemap
4a024d64 T NAND_Print
4a024d74 t _calc_crc32.constprop.0
4a024e0c T sunxi_nand_getpart_num
4a024e34 T sunxi_nand_getpart_name
4a024e5c T sunxi_nand_getpart_offset
4a024eb8 T sunxi_nand_getpart_size
4a024f14 T sunxi_nand_getpart_offset_byname
4a024fa4 T sunxi_nand_getpart_size_byname
4a025034 T sunxi_nand_getpart_info_byname
4a0250f0 T sunxi_nand_scan_partition
4a02529c t _GetFreeBlkFromDieInfo
4a025310 T _CalculatePhyOpPar
4a025448 t _VirtualBlockErase
4a0254fc t _VirtualPageWrite
4a0256b8 t _WriteBadBlkFlag
4a025838 t _VirtualPageRead
4a0259b8 t _GetEccFlag
4a0259f0 t _GetLogAge
4a025a2c t _GetLastUsedPage
4a025db8 t _MergeDataBlkToFreeBlk
4a025ed4 t _VirtualFreeBlockCheck
4a026048 t _RebuildZoneTbls
4a028920 T FMT_Init
4a028f10 T FMT_Exit
4a028f18 T FMT_FormatNand
4a029308 T ClearNandStruct
4a02931c t _CalculateSectPar
4a0294cc t _MergeCachePageData
4a029584 T LML_CalculatePhyOpPar
4a0296bc t _CloseWritePage
4a029780 T LML_VirtualPageRead
4a0298e8 T LML_VirtualPageWrite
4a029a98 T LML_VirtualBlkErase
4a029b60 T LML_PageRead
4a029e20 T LML_PageWrite
4a02a2c8 t _WritePageCacheToNand
4a02a3d8 T LML_FlushPageCache
4a02a418 T LML_Read
4a02a69c T LML_Write
4a02a904 T LML_Init
4a02aab8 T LML_Exit
4a02ab30 T NAND_GetDiskSize
4a02ab78 T NAND_SetPartInfo
4a02acc8 t _GetTblCheckSum
4a02acf0 t _write_back_page_map_tbl
4a02b290 t _write_back_block_map_tbl
4a02b660 T dump
4a02b704 T PMM_InitMapTblCache
4a02b798 T PMM_ExitMapTblCache
4a02b7dc T BMM_InitMapTblCache
4a02b8e4 T BMM_ExitMapTblCache
4a02b938 T BMM_SwitchMapTbl
4a02bc6c T BMM_WriteBackAllMapTbl
4a02bcf8 T BMM_SetDirtyFlag
4a02bdb4 T PMM_SwitchMapTbl
4a02c34c T BMM_RleaseLogBlock
4a02c490 T BMM_MergeAllLogBlock
4a02c5bc T BMM_DumpMap
4a02c6c4 t _CalLogAccessCnt
4a02c728 t _GetLogBlkPst
4a02c770 T PMM_CalNextLogPage
4a02c81c T BMM_GetDataBlk
4a02c88c T BMM_SetDataBlk
4a02c90c T BMM_GetFreeBlk
4a02ca1c T BMM_SetFreeBlk
4a02ca94 T BMM_SetLogBlk
4a02cafc T BMM_CalLogBlkType
4a02cb74 t _GetLogPageForWrite
4a02d388 T BMM_GetLogBlk
4a02d58c T PMM_GetLogPage
4a02d7fc T PMM_ClearCurMapTbl
4a02d82c T PMM_GetCurMapPage
4a02d84c T PMM_SetCurMapPage
4a02d86c T _copy_page0
4a02da58 T _log2data_swap_merge
4a02dc48 T _free2log_move_merge
4a02e39c T _free2data_simple_merge
4a02e908 T _get_page_map_tbl_info
4a02e9d4 T LML_MergeLogBlk
4a02ea60 T LML_ReadReclaim
4a02eb5c T nand_calc_crc32
4a02ebf0 T _get_mbr
4a02ec80 T _free_mbr
4a02ecb0 T mbr2disks
4a02ed18 T NAND_PartInit
4a02eef0 T _cal_block_in_chip
4a02ef98 T _read_single_page_seq
4a02f194 T _read_single_page_1K
4a02f378 T _read_single_page_spare
4a02f98c T PHY_SimpleRead_Seq
4a02f994 T PHY_SimpleRead_1K
4a02f99c T PHY_BlockErase
4a02fb34 T _read_sectors
4a030078 T _two_plane_read
4a0302ec T PHY_PageRead
4a03053c T _cal_addr_in_chip_for_spare
4a030600 T _read_sectors_for_spare
4a030dd8 T PHY_PageReadSpare
4a031008 T PHY_FreePageCheck
4a0310d8 T PHY_PageWrite
4a0312e4 T _single_copy_back
4a0314ac T _multi_copy_back
4a031830 T PHY_PageCopyback
4a03195c T PHY_ScanDDRParam
4a031a8c T PHY_ReadNandUniqueId
4a031b60 T _add_cmd_list
4a031b98 T _cal_addr_in_chip
4a031c58 T _cal_real_chip
4a031d60 T _cal_real_rb
4a031de4 T _read_status
4a031e6c T _wait_rb_ready
4a031ea4 T _wait_rb_ready_int
4a031edc T _pending_dma_irq_sem
4a031ee0 T _random_seed_init
4a031ee4 T _cal_random_seed
4a031efc T PHY_Init
4a031f6c T PHY_GetDefaultParam
4a0321dc T PHY_SetDefaultParam
4a032220 T PHY_ChangeMode
4a03230c T PHY_Exit
4a0323e4 T PHY_ResetChip
4a032494 T _read_single_page
4a032970 T PHY_ReadNandId
4a0329e4 T PHY_CheckWp
4a032a40 T _pending_rb_irq_sem
4a032a44 T _do_irq
4a032a48 T PHY_SimpleRead
4a032a50 T PHY_SynchBank
4a032bcc T _write_signle_page
4a032d74 T _write_signle_page_seq
4a032f1c T _write_signle_page_1K
4a03308c T _erase_single_block
4a033150 T PHY_SimpleWrite
4a0331d0 T PHY_SimpleWrite_Seq
4a033250 T PHY_SimpleWrite_1K
4a0332d0 T PHY_SimpleErase
4a033338 T NAND_GetPageSize
4a03334c T NAND_GetLogicPageSize
4a033368 T NAND_GetPageCntPerBlk
4a033378 T NAND_GetBlkCntPerChip
4a033390 T NAND_GetChipCnt
4a0333a0 T NAND_GetChipConnect
4a0333b0 T NAND_GetBadBlockFlagPos
4a0333b8 T NAND_GetReadRetryType
4a0333c8 T NAND_GetValidBlkRatio
4a0333d8 T NAND_SetValidBlkRatio
4a0333f4 T NAND_GetFrequencePar
4a033404 T NAND_SetFrequencePar
4a03341c T NAND_GetNandVersion
4a033428 T NAND_GetParam
4a0334e4 T NAND_GetFlashInfo
4a033528 T _SearchNandArchi
4a033728 T SCN_AnalyzeNandSystem
4a033b6c t _MarkBadBlk
4a033ca4 T LML_BadBlkManage
4a033e20 T NFC_InitDDRParam
4a033e34 T nfc_repeat_mode_enable
4a033e5c T nfc_repeat_mode_disable
4a033e84 T _wait_cmdfifo_free
4a033ed4 T _wait_cmd_finish
4a033f38 T _dma_config_start
4a033f3c T _wait_dma_end
4a033f88 T _reset
4a033fe4 T _check_ecc
4a0340b4 T _disable_ecc
4a0340d0 T _enable_ecc
4a034104 T _enter_nand_critical
4a03410c T _exit_nand_critical
4a034114 T _set_addr
4a034170 T _read_in_page_mode
4a0342a4 T NFC_Read
4a0342c8 T nfc_set_cmd_register
4a03436c T NFC_SetRandomSeed
4a034394 T NFC_RandomEnable
4a0343b4 T NFC_RandomDisable
4a0343d4 T NFC_GetId
4a034438 T NFC_GetStatus
4a034484 T NFC_ResetChip
4a0344a8 T NFC_SelectChip
4a0344e0 T NFC_SelectRb
4a034508 T NFC_DeSelectChip
4a034510 T NFC_DeSelectRb
4a034518 T NFC_CheckRbReady
4a034540 T NFC_ChangMode
4a034650 T NFC_SetEccMode
4a034678 T NFC_Init
4a034730 T NFC_Exit
4a034764 T _vender_get_param
4a034808 T _vender_set_param
4a034aa8 T _vender_pre_condition
4a034b4c T _vender_get_param_otp_hynix
4a034e18 T NFC_ReadRetry
4a035134 T NFC_ReadRetryInit
4a0354e0 T NFC_GetOTPValue
4a03551c T NFC_GetDefaultParam
4a035630 T NFC_SetDefaultParam
4a035828 T NFC_ReadRetry_off
4a035878 T NFC_ReadRetryExit
4a035880 T NFC_RbIntEnable
4a03589c T NFC_RbIntDisable
4a0358b8 T NFC_RbIntClearStatus
4a0358d0 T NFC_RbIntGetStatus
4a0358e8 T NFC_RbIntOccur
4a035908 T NFC_GetRbSelect
4a035924 T NFC_GetRbStatus
4a035960 T NFC_DmaIntEnable
4a03597c T NFC_DmaIntDisable
4a035998 T NFC_DmaIntClearStatus
4a0359b0 T NFC_DmaIntGetStatus
4a0359c8 T NFC_DmaIntOccur
4a0359f4 T _wait_twb
4a0359f8 T NFC_GetUniqueId
4a035a64 T NFC_Write
4a035bac T NFC_Write_Seq
4a035d34 T NFC_Write_1K
4a035eac T NFC_Erase
4a035ee4 T NFC_CopyBackRead
4a035f1c T NFC_CopyBackWrite
4a035f54 T _read_in_page_mode_seq
4a0360e0 T _read_in_page_mode_1K
4a036250 T _read_in_page_mode_spare
4a036374 T NFC_Read_Seq
4a0363c8 T NFC_Read_1K
4a03641c T NFC_Read_Spare
4a036470 T NFC_LSBInit
4a03658c T LSB_GetDefaultParam
4a0365d4 T LSB_SetDefaultParam
4a0365ec T NFC_LSBEnable
4a036648 T NFC_LSBDisable
4a036664 T NFC_LSBExit
4a0366e8 T fastboot_flash_partition_init
4a03692c T fastboot_partition_init
4a036930 T android_misc_flash_check
4a036b20 T check_android_misc
4a036b24 T set_boot_type_arg
4a036b50 T board_init
4a036b80 T board_late_init
4a036b98 T dram_init_banksize
4a036bfc T dram_init
4a036c1c T board_mmc_init
4a036c30 T mmc_get_env_addr
4a036c50 T checkboard
4a036c68 T raise
4a036c84 T __aeabi_unwind_cpp_pr0
4a036c88 T __udivsi3
4a036c88 t .udivsi3_skip_div0_test
4a036c88 t __aeabi_uidiv
4a036ee4 t __aeabi_uidivmod
4a036f00 T __divsi3
4a036f00 t __aeabi_idiv
4a036f06 t .divsi3_skip_div0_test
4a037194 t __aeabi_idivmod
4a0371b0 T __lshrdi3
4a0371b0 t __aeabi_llsr
4a0371c8 T __ashrdi3
4a0371c8 t __aeabi_lasr
4a0371e4 T __ashldi3
4a0371e4 t __aeabi_llsl
4a0371fc W __aeabi_ldiv0
4a0371fc t __aeabi_idiv0
4a037208 T reverse
4a037250 T parser_hextoi
4a0372e0 T check_smdt_param
4a037354 T update_env
4a037450 T do_update
4a0374f4 r boot_os
4a037578 r __func__.3003
4a037588 r baudrate_table
4a03759c r __func__.2969
4a0375ac V version_string
4a0375ee r CSWTCH.29
4a037604 R default_environment
4a037abe r __func__.2704
4a037ace r __func__.2711
4a037ad9 r __func__.3599
4a037ae8 r uimage_os
4a037b3c r uimage_arch
4a037c20 r uimage_type
4a037cec r uimage_comp
4a037d34 r erase_seq
4a037d38 r tab_seq
4a037d44 r CSWTCH.13
4a037d64 r block_drvr
4a037d7c r multipliers
4a037dbc r fbase
4a037dcc r default_nand_name
4a037dd1 r __FUNCTION__.3909
4a037ddf r __FUNCTION__.3331
4a037df0 r __FUNCTION__.3672
4a037e02 r __func__.4044
4a037e16 r __FUNCTION__.4077
4a037e25 r nand_ecc_precalc_table
4a037f28 R nand_manuf_ids
4a037f78 R nand_flash_ids
4a0383e0 r serial_ports
4a0383f0 r filesystems
4a038408 R crc7_syndrome_table
4a038508 r crc16_tab
4a038708 r crc_table
4a038b08 r names.2673
4a038b0e R _ctype
4a038c0e r digits.2661
4a038c1e R hex_asc
4a038c30 r lext.2900
4a038c6e r lbase.2899
4a038cac r dext.2902
4a038cec r dbase.2901
4a038d2c r lenfix
4a03952c r distfix
4a0395ac r order.2995
4a0395d4 R z_errmsg
4a039608 r __FUNCTION__.3090
4a039620 r CSWTCH.2
4a039623 r CSWTCH.4
4a03962a R random_seed
4a039734 R param0x30low
4a039774 R param0x30high
4a0397c4 R para0
4a0397f4 R para1
4a039824 R para0x10
4a03982e R para0x20
4a0398a6 R param0x40
4a0398ba R param0x50
4a0398c8 r __func__.2664
4a0398de r CSWTCH.6
4a0398e1 r CSWTCH.2
4a0398e4 r CSWTCH.4
4a0398e7 r CSWTCH.6
4a0398ea r __FUNCTION__.3209
4a0398f3 r __FUNCTION__.3249
4a039905 r __FUNCTION__.3256
4a039917 r __FUNCTION__.3022
4a039928 r __func__.2576
4a043300 d script_mod_buf
4a043304 d script_main_key_count
4a043308 D init_sequence
4a043330 d cmd_bootm_sub
4a0433f4 d interface
4a043414 d static_pcount
4a043418 d dp_last_length
4a04341c d curr_device
4a043420 d cmd_env_sub
4a043500 d env_id
4a043504 D load_addr
4a043508 d av_
4a043910 d sbrk_base
4a043914 d trim_threshold
4a043918 d mmap_threshold
4a043920 D env_offset
4a043928 D env_size
4a04392c D env_name_spec
4a043930 d reserved_list
4a0439b4 d hist_cur
4a0439b8 D stdio_names
4a0439c4 D dma_channal
4a043ac4 d cur_dev_num
4a043ac8 D nand_curr_device
4a043acc d nand_oob_8
4a043d14 d nand_oob_16
4a043f5c d nand_oob_64
4a0441a4 d nand_oob_128
4a0443ec d largepage_flashbased
4a044410 d smallpage_flashbased
4a044434 d largepage_memorybased
4a044458 d smallpage_memorybased
4a04447c d bbt_main_descr
4a0444a0 d bbt_mirror_descr
4a0444c4 d agand_flashbased
4a0444e8 d bbt_pattern
4a0444ec d mirror_pattern
4a0444f0 d scan_agand_pattern
4a0444f6 d scan_ff_pattern
4a0444f8 d cur_part
4a0444fc D file_cwd
4a0446fc d current_filesystem
4a044700 D blks_array
4a044748 D DefaultNandTbl
4a044770 D SandiskNandTbl
4a044810 D PowerNandTbl
4a044860 D SpansionNandTbl
4a044900 D StNandTbl
4a044a90 D IntelNandTbl
4a044c20 D MicronNandTbl
4a044fb8 D ToshibaNandTbl
4a045328 D HynixNandTbl
4a0458c8 D SamsungNandTbl
4a045e68 d DefualtPhysicArchiPara
4a045e78 d PhysicArchiPara0
4a045e88 d PhysicArchiPara2
4a045e98 d PhysicArchiPara4
4a045ea8 d PhysicArchiPara5
4a045eb8 d PhysicArchiPara6
4a045ec8 d PhysicArchiPara7
4a045ed8 d PhysicArchiPara8
4a045ee8 d PhysicArchiPara9
4a045ef8 d PhysicArchiPara3
4a045f08 d PhysicArchiPara1
4a045f24 A __u_boot_cmd_start
4a045f24 D __u_boot_cmd_key_test
4a045f40 D __u_boot_cmd_reset
4a045f5c D __u_boot_cmd_go
4a045f78 D __u_boot_cmd_boota
4a045f94 D __u_boot_cmd_bootd
4a045fb0 D __u_boot_cmd_boot
4a045fcc D __u_boot_cmd_bootm
4a045fe8 D __u_boot_cmd_exit
4a046004 D __u_boot_cmd_fastboot
4a046020 D __u_boot_cmd_fatinfo
4a04603c D __u_boot_cmd_fatls
4a046058 D __u_boot_cmd_fatdown
4a046074 D __u_boot_cmd_fatload
4a046090 D __u_boot_cmd_question_mark
4a0460ac D __u_boot_cmd_help
4a0460c8 D __u_boot_cmd_mtest
4a0460e4 D __u_boot_cmd_loop
4a046100 D __u_boot_cmd_base
4a04611c D __u_boot_cmd_crc32
4a046138 D __u_boot_cmd_cmp
4a046154 D __u_boot_cmd_cp
4a046170 D __u_boot_cmd_mw
4a04618c D __u_boot_cmd_nm
4a0461a8 D __u_boot_cmd_mm
4a0461c4 D __u_boot_cmd_md
4a0461e0 D __u_boot_cmd_mmc
4a0461fc D __u_boot_cmd_mmcinfo
4a046218 D __u_boot_cmd_nboot
4a046234 D __u_boot_cmd_nand
4a046250 D __u_boot_cmd_run
4a04626c D __u_boot_cmd_setenv
4a046288 D __u_boot_cmd_printenv
4a0462a4 D __u_boot_cmd_env
4a0462c0 D __u_boot_cmd_saveenv
4a0462dc D __u_boot_cmd_sunxi_flash
4a0462f8 D __u_boot_cmd_true
4a046314 D __u_boot_cmd_false
4a046330 D __u_boot_cmd_test
4a04634c D __u_boot_cmd_version
4a046368 D __u_boot_cmd_showvar
4a046384 D __u_boot_cmd_update
4a0463a0 A __image_copy_end
4a0463a0 A __u_boot_cmd_end
4a0463a0 B __bss_start
4a0463a0 B mmc_card_no
4a0463a0 R __rel_dyn_start
4a0463a4 B uart_console
4a0463a8 B storage_type
4a0463ac b udc
4a0463d4 b set_address
4a0463d8 b fastboot_fifo_ep0
4a046418 b device_strings
4a046430 b fastboot_interface
4a046434 b deferred_rx
4a046438 b fastboot_fifo_bulk_ep
4a046638 b mbr_buf
4a04a638 B irq_vector
4a04a80c b usbc_info_g
4a04a824 b usbc_otg_array
4a04a8a4 b usbc_base_address
4a04a8b0 B monitor_flash_len
4a04a8b4 b params
4a04a8b8 b boot_hdr
4a04aab8 b images
4a04abe4 b download_size
4a04abe8 b download_bytes
4a04abec b download_bytes_unpadded
4a04abf0 b download_error
4a04abf4 b continue_booting
4a04abf8 b upload_size
4a04abfc b upload_bytes
4a04ac00 b upload_error
4a04ac04 b pcount
4a04ac08 b ptable
4a04aec8 b base_address
4a04aecc b dp_last_addr
4a04aed0 b dp_last_size
4a04aed4 b mm_last_addr
4a04aed8 b mm_last_size
4a04aee0 b last.3525
4a04aee8 b tmp_buf.2613
4a04b0e8 b tmp_buf
4a04b1e8 b ctrlc_disabled
4a04b1ec b ctrlc_was_pressed
4a04b1f0 B mem_malloc_brk
4a04b1f4 B mem_malloc_start
4a04b1f8 B mem_malloc_end
4a04b1fc b current_mallinfo
4a04b224 b top_pad
4a04b228 b max_sbrked_mem
4a04b22c b max_total_mem
4a04b230 b n_mmaps_max
4a04b234 B env_htab
4a04b240 B env_ptr
4a04b244 b top_vars
4a04b248 b flag_repeat
4a04b24c b do_repeat
4a04b250 b the_command.2827
4a04b350 b local.2811
4a04b366 b buf.3025
4a04b390 B last_return_code
4a04b394 b map
4a04b494 b ifs
4a04b498 B nesting_level
4a04b49c b initted.2825
4a04b4a0 b hist_max
4a04b4a4 b hist_add_idx
4a04b4a8 B hist_num
4a04b4ac B hist_lines
4a04c148 R __dynsym_start
4a04c148 R __rel_dyn_end
4a04c208 A _end
4a04c8c0 B hist_list
4a04c910 B console_buffer
4a04ca14 b devs
4a04ca50 B stdio_devices
4a04ca5c b xyz
4a04ce98 b mmc_devices
4a04cea0 B mmc_host
4a04cf20 B mmc_dev
4a04d3a0 b nand_chip
4a04d4c0 B nand_info
4a04d568 b mmc
4a04d56c B sunxi_flash_read
4a04d570 B sunxi_flash_write
4a04d574 B sunxi_flash_get_size
4a04d578 B sunxi_flash_exit
4a04d57c B cur_dev
4a04d580 B part_offset
4a04d584 B get_vfatname_block
4a05d584 B do_fat_read_block
4a06d584 B get_dentfromdir_block
4a07d584 b total_sector
4a07d588 b dir_curclust
4a07d58c b empty_dentptr
4a07d590 B errno
4a07d594 B ___strtok
4a07d598 b nand_blk_dev
4a07d608 B hDMA
4a07d60c B BOOTFSMBR_buf
4a08160c b SuperBlkCntOfDie
4a081610 B lsb_page
4a081614 B DIE0_FIRST_BLK_NUM
4a081618 B DieCntOfNand
4a081620 B NandDriverInfo
4a081640 b CachePage
4a081650 b LogicalCtl
4a081674 B NandPartInfo
4a0817b4 B nand_part_cnt
4a0817b8 B nand_disk_array
4a0818a8 B ZoneTblPstInfo
4a081928 B LogicArchiPar
4a081930 B PageMapTblCachePool
4a081964 B BlkMapTblCachePool
4a0819dc B mbr
4a0819e0 B part_secur
4a081a30 B NandStorageInfo
4a081a8c B RetryCount
4a081aac B PageCachePool
4a081ac0 B ddr_param
4a081ae0 B nand_io_base
4a081ae4 B pagesize
4a081ae8 B read_retry_mode
4a081ae9 B read_retry_cycle
4a081aea B read_retry_reg_num
4a081aec B read_retry_val
4a081d6c B read_retry_default_val
4a081dec B read_retry_reg_adr
4a081dfc B hynix_read_retry_otp_value
4a081ffc B irq_value
4a082000 B nand_board_version
4a082004 B lsb_mode_reg_num
4a082005 B lsb_mode_reg_adr
4a08200d B lsb_mode_val
4a082015 B lsb_mode_default_val
4a082020 b misc_message
4a082460 B recovery_notcheck_display
4a082464 B __bss_end__
